
[TestLabelsSource/4 - 1]
expr: (2 ^ 5 + 11) % 5 <= bool 2
output:
    - labels:
        "":
            reason: This query returns a number value with no labels.
            fragment:
                start: 1
                end: 2
            kind: excluded
      operation: ""
      isdeadreason: this query always evaluates to `3 <= 2` which is not possible, so it will never return anything
      returns: scalar
      joins: []
      unless: []
      position:
        start: 1
        end: 2
      isdeadposition:
        start: 1
        end: 2
      returnednumber: 3
      type: 1
      fixedlabels: true
      isdead: true
      alwaysreturns: true
      knownreturn: true
      isconditional: true
      isreturnbool: true

---
