
[TestLabelsSource/9 - 1]
expr: 2 * 5
output:
    - selector: null
      labels:
        "":
            reason: This query returns a number value with no labels.
            fragment:
                start: 0
                end: 1
            kind: excluded
      operation: ""
      isdeadreason: ""
      returns: scalar
      joins: []
      unless: []
      position:
        start: 0
        end: 1
      isdeadposition:
        start: 0
        end: 0
      returnednumber: 10
      type: 1
      fixedlabels: true
      isdead: false
      alwaysreturns: true
      knownreturn: true
      isconditional: false
      isreturnbool: false

---
