
[TestLabelsSource/11 - 1]
expr: (foo or vector(2)) * 5
output:
    - selector:
        name: foo
        originaloffset: 0s
        originaloffsetexpr: null
        offset: 0s
        timestamp: null
        skiphistogrambuckets: false
        startorend: 0
        labelmatchers:
            - type: 0
              name: __name__
              value: foo
        unexpandedseriesset: null
        series: []
        bypassemptymatchercheck: false
        posrange:
            start: 1
            end: 4
      labels: {}
      operation: many-to-many
      isdeadreason: ""
      returns: vector
      joins: []
      unless: []
      position:
        start: 1
        end: 4
      isdeadposition:
        start: 0
        end: 0
      returnednumber: 0
      type: 3
      fixedlabels: false
      isdead: false
      alwaysreturns: false
      knownreturn: false
      isconditional: false
      isreturnbool: false
    - selector: null
      labels:
        "":
            reason: Calling `vector()` will return a vector value with no labels.
            fragment:
                start: 8
                end: 14
            kind: excluded
      operation: vector
      isdeadreason: ""
      returns: vector
      joins: []
      unless: []
      position:
        start: 8
        end: 17
      isdeadposition:
        start: 0
        end: 0
      returnednumber: 10
      type: 4
      fixedlabels: true
      isdead: false
      alwaysreturns: true
      knownreturn: true
      isconditional: false
      isreturnbool: false

---
