
[TestLabelsSource/13 - 1]
expr: 1 > bool 0
output:
    - labels:
        "":
            reason: This query returns a number value with no labels.
            fragment:
                start: 0
                end: 1
            kind: excluded
      operation: ""
      isdeadreason: ""
      returns: scalar
      joins: []
      unless: []
      position:
        start: 0
        end: 1
      isdeadposition:
        start: 0
        end: 0
      returnednumber: 1
      type: 1
      fixedlabels: true
      isdead: false
      alwaysreturns: true
      knownreturn: true
      isconditional: true
      isreturnbool: true

---
