
[TestLabelsSource/17 - 1]
expr: (foo > 1) > bool 1
output:
    - selector:
        name: foo
        originaloffset: 0s
        originaloffsetexpr: null
        offset: 0s
        timestamp: null
        skiphistogrambuckets: false
        startorend: 0
        labelmatchers:
            - type: 0
              name: __name__
              value: foo
        unexpandedseriesset: null
        series: []
        bypassemptymatchercheck: false
        posrange:
            start: 1
            end: 4
      call: null
      aggregation: null
      excludereason: {}
      operation: ""
      isdeadreason: ""
      returns: vector
      joins: []
      unless: []
      includedlabels: []
      excludedlabels: []
      guaranteedlabels: []
      position:
        start: 1
        end: 4
      isdeadposition:
        start: 0
        end: 0
      returnednumber: 0
      type: 3
      fixedlabels: false
      isdead: false
      alwaysreturns: false
      knownreturn: false
      isconditional: true
      isreturnbool: false

---
