
[TestLabelsSource/22 - 1]
expr: foo > bool on(instance) bar
output:
    - selector:
        name: foo
        originaloffset: 0s
        originaloffsetexpr: null
        offset: 0s
        timestamp: null
        skiphistogrambuckets: false
        startorend: 0
        labelmatchers:
            - type: 0
              name: __name__
              value: foo
        unexpandedseriesset: null
        series: []
        bypassemptymatchercheck: false
        posrange:
            start: 0
            end: 3
      call: null
      aggregation: null
      excludereason:
        "":
            reason: Query is using one-to-one vector matching with `on(instance)`, only labels included inside `on(...)` will be present on the results.
            fragment:
                start: 11
                end: 13
      operation: one-to-one
      isdeadreason: ""
      returns: vector
      joins:
        - selector:
            name: bar
            originaloffset: 0s
            originaloffsetexpr: null
            offset: 0s
            timestamp: null
            skiphistogrambuckets: false
            startorend: 0
            labelmatchers:
                - type: 0
                  name: __name__
                  value: bar
            unexpandedseriesset: null
            series: []
            bypassemptymatchercheck: false
            posrange:
                start: 24
                end: 27
          call: null
          aggregation: null
          excludereason: {}
          operation: ""
          isdeadreason: ""
          returns: vector
          joins: []
          unless: []
          includedlabels: []
          excludedlabels: []
          guaranteedlabels: []
          position:
            start: 24
            end: 27
          isdeadposition:
            start: 0
            end: 0
          returnednumber: 0
          type: 3
          fixedlabels: false
          isdead: false
          alwaysreturns: false
          knownreturn: false
          isconditional: false
          isreturnbool: false
      unless: []
      includedlabels:
        - instance
      excludedlabels: []
      guaranteedlabels: []
      position:
        start: 0
        end: 3
      isdeadposition:
        start: 0
        end: 0
      returnednumber: 0
      type: 3
      fixedlabels: true
      isdead: false
      alwaysreturns: false
      knownreturn: false
      isconditional: true
      isreturnbool: true

---
