
[TestLabelsSource/26 - 1]
expr: foo and bar > bool 0
output:
    - selector:
        name: foo
        originaloffset: 0s
        originaloffsetexpr: null
        offset: 0s
        timestamp: null
        skiphistogrambuckets: false
        startorend: 0
        labelmatchers:
            - type: 0
              name: __name__
              value: foo
        unexpandedseriesset: null
        series: []
        bypassemptymatchercheck: false
        posrange:
            start: 0
            end: 3
      labels: {}
      operation: many-to-many
      isdeadreason: ""
      returns: vector
      joins:
        - selector:
            name: bar
            originaloffset: 0s
            originaloffsetexpr: null
            offset: 0s
            timestamp: null
            skiphistogrambuckets: false
            startorend: 0
            labelmatchers:
                - type: 0
                  name: __name__
                  value: bar
            unexpandedseriesset: null
            series: []
            bypassemptymatchercheck: false
            posrange:
                start: 8
                end: 11
          labels: {}
          operation: ""
          isdeadreason: ""
          returns: vector
          joins: []
          unless: []
          position:
            start: 8
            end: 11
          isdeadposition:
            start: 0
            end: 0
          returnednumber: 0
          type: 3
          fixedlabels: false
          isdead: false
          alwaysreturns: false
          knownreturn: false
          isconditional: true
          isreturnbool: true
      unless: []
      position:
        start: 0
        end: 3
      isdeadposition:
        start: 0
        end: 0
      returnednumber: 0
      type: 3
      fixedlabels: false
      isdead: false
      alwaysreturns: false
      knownreturn: false
      isconditional: true
      isreturnbool: false

---
