
[TestLabelsSource/31 - 1]
expr: foo{a="bar"} or bar{b="foo"}
output:
    - labels:
        a:
            reason: Query will only return series where these labels are present.
            fragment:
                start: 0
                end: 12
            kind: guaranteed
      operation: many-to-many
      isdeadreason: ""
      returns: vector
      joins: []
      unless: []
      position:
        start: 0
        end: 12
      isdeadposition:
        start: 0
        end: 0
      returnednumber: 0
      type: 3
      fixedlabels: false
      isdead: false
      alwaysreturns: false
      knownreturn: false
      isconditional: false
      isreturnbool: false
    - labels:
        b:
            reason: Query will only return series where these labels are present.
            fragment:
                start: 16
                end: 28
            kind: guaranteed
      operation: many-to-many
      isdeadreason: ""
      returns: vector
      joins: []
      unless: []
      position:
        start: 16
        end: 28
      isdeadposition:
        start: 0
        end: 0
      returnednumber: 0
      type: 3
      fixedlabels: false
      isdead: false
      alwaysreturns: false
      knownreturn: false
      isconditional: false
      isreturnbool: false

---
