
[TestLabelsSource/42 - 1]
expr: sum(foo) by(job)
output:
    - selector:
        name: foo
        originaloffset: 0s
        originaloffsetexpr: null
        offset: 0s
        timestamp: null
        skiphistogrambuckets: false
        startorend: 0
        labelmatchers:
            - type: 0
              name: __name__
              value: foo
        unexpandedseriesset: null
        series: []
        bypassemptymatchercheck: false
        posrange:
            start: 4
            end: 7
      call: null
      aggregation:
        op: 57414
        expr:
            name: foo
            originaloffset: 0s
            originaloffsetexpr: null
            offset: 0s
            timestamp: null
            skiphistogrambuckets: false
            startorend: 0
            labelmatchers:
                - type: 0
                  name: __name__
                  value: foo
            unexpandedseriesset: null
            series: []
            bypassemptymatchercheck: false
            posrange:
                start: 4
                end: 7
        param: null
        grouping:
            - job
        without: false
        posrange:
            start: 0
            end: 16
      excludereason:
        "":
            reason: Query is using aggregation with `by(job)`, only labels included inside `by(...)` will be present on the results.
            fragment:
                start: 9
                end: 11
        __name__:
            reason: Aggregation removes metric name.
            fragment:
                start: 0
                end: 16
      operation: sum
      isdeadreason: ""
      returns: vector
      joins: []
      unless: []
      includedlabels:
        - job
      excludedlabels:
        - __name__
      guaranteedlabels: []
      position:
        start: 4
        end: 7
      isdeadposition:
        start: 0
        end: 0
      returnednumber: 0
      type: 5
      fixedlabels: true
      isdead: false
      alwaysreturns: false
      knownreturn: false
      isconditional: false
      isreturnbool: false

---
