
[TestLabelsSource/48 - 1]
expr: min(foo{job="myjob"}) / max(foo{job="myjob"})
output:
    - labels:
        "":
            reason: Query is using aggregation that removes all labels.
            fragment:
                start: 0
                end: 21
            kind: excluded
        __name__:
            reason: Aggregation removes metric name.
            fragment:
                start: 0
                end: 21
            kind: excluded
        job:
            reason: Query is using aggregation that removes all labels.
            fragment:
                start: 0
                end: 21
            kind: excluded
      operation: min
      isdeadreason: ""
      returns: vector
      joins:
        - labels:
            "":
                reason: Query is using aggregation that removes all labels.
                fragment:
                    start: 24
                    end: 45
                kind: excluded
            __name__:
                reason: Aggregation removes metric name.
                fragment:
                    start: 24
                    end: 45
                kind: excluded
            job:
                reason: Query is using aggregation that removes all labels.
                fragment:
                    start: 24
                    end: 45
                kind: excluded
          operation: max
          isdeadreason: ""
          returns: vector
          joins: []
          unless: []
          position:
            start: 28
            end: 44
          isdeadposition:
            start: 0
            end: 0
          returnednumber: 0
          type: 5
          fixedlabels: true
          isdead: false
          alwaysreturns: false
          knownreturn: false
          isconditional: false
          isreturnbool: false
      unless: []
      position:
        start: 4
        end: 20
      isdeadposition:
        start: 0
        end: 0
      returnednumber: 0
      type: 5
      fixedlabels: true
      isdead: false
      alwaysreturns: false
      knownreturn: false
      isconditional: false
      isreturnbool: false

---
