
[TestLabelsSource/58 - 1]
expr: count_values("version", build_version) without(job)
output:
    - labels:
        __name__:
            reason: Aggregation removes metric name.
            fragment:
                start: 0
                end: 51
            kind: excluded
        job:
            reason: Query is using aggregation with `without(job)`, all labels included inside `without(...)` will be removed from the results.
            fragment:
                start: 39
                end: 46
            kind: excluded
        version:
            reason: This label will be added to the results by the count_values() call.
            fragment:
                start: 0
                end: 51
            kind: guaranteed
      operation: count_values
      isdeadreason: ""
      returns: vector
      joins: []
      unless: []
      position:
        start: 24
        end: 37
      isdeadposition:
        start: 0
        end: 0
      returnednumber: 0
      type: 5
      fixedlabels: false
      isdead: false
      alwaysreturns: false
      knownreturn: false
      isconditional: false
      isreturnbool: false

---
