
[TestLabelsSource/61 - 1]
expr: topk(10, foo{job="myjob"}) > 10
output:
    - selector:
        name: foo
        originaloffset: 0s
        originaloffsetexpr: null
        offset: 0s
        timestamp: null
        skiphistogrambuckets: false
        startorend: 0
        labelmatchers:
            - type: 0
              name: job
              value: myjob
            - type: 0
              name: __name__
              value: foo
        unexpandedseriesset: null
        series: []
        bypassemptymatchercheck: false
        posrange:
            start: 9
            end: 25
      labels:
        job:
            reason: Query will only return series where these labels are present.
            fragment:
                start: 9
                end: 25
            kind: guaranteed
      operation: topk
      isdeadreason: ""
      returns: vector
      joins: []
      unless: []
      position:
        start: 9
        end: 25
      isdeadposition:
        start: 0
        end: 0
      returnednumber: 0
      type: 5
      fixedlabels: false
      isdead: false
      alwaysreturns: false
      knownreturn: false
      isconditional: true
      isreturnbool: false

---
