
[TestLabelsSource/62 - 1]
expr: topk(10, foo or bar)
output:
    - labels: {}
      operation: topk
      isdeadreason: ""
      returns: vector
      joins: []
      unless: []
      position:
        start: 9
        end: 12
      isdeadposition:
        start: 0
        end: 0
      returnednumber: 0
      type: 5
      fixedlabels: false
      isdead: false
      alwaysreturns: false
      knownreturn: false
      isconditional: false
      isreturnbool: false
    - labels: {}
      operation: topk
      isdeadreason: ""
      returns: vector
      joins: []
      unless: []
      position:
        start: 16
        end: 19
      isdeadposition:
        start: 0
        end: 0
      returnednumber: 0
      type: 5
      fixedlabels: false
      isdead: false
      alwaysreturns: false
      knownreturn: false
      isconditional: false
      isreturnbool: false

---
