
[TestLabelsSource/64 - 1]
expr: sum(rate(foo[10m])) without(instance)
output:
    - labels:
        __name__:
            reason: Aggregation removes metric name.
            fragment:
                start: 0
                end: 37
            kind: excluded
        instance:
            reason: Query is using aggregation with `without(instance)`, all labels included inside `without(...)` will be removed from the results.
            fragment:
                start: 20
                end: 27
            kind: excluded
      operation: sum
      isdeadreason: ""
      returns: vector
      joins: []
      unless: []
      position:
        start: 9
        end: 17
      isdeadposition:
        start: 0
        end: 0
      returnednumber: 0
      type: 5
      fixedlabels: false
      isdead: false
      alwaysreturns: false
      knownreturn: false
      isconditional: false
      isreturnbool: false

---
