
[TestLabelsSource/67 - 1]
expr: foo{job="foo"} * on(instance) group_left(bar) bar
output:
    - selector:
        name: foo
        originaloffset: 0s
        originaloffsetexpr: null
        offset: 0s
        timestamp: null
        skiphistogrambuckets: false
        startorend: 0
        labelmatchers:
            - type: 0
              name: job
              value: foo
            - type: 0
              name: __name__
              value: foo
        unexpandedseriesset: null
        series: []
        bypassemptymatchercheck: false
        posrange:
            start: 0
            end: 14
      labels:
        bar:
            reason: Query is using many-to-one vector matching with `group_left(bar)`, all labels included inside `group_left(...)` will be include on the results.
            fragment:
                start: 30
                end: 40
            kind: included
        instance:
            reason: Query is using many-to-one vector matching with `on(instance)`, labels included inside `on(...)` will be present on the results.
            fragment:
                start: 17
                end: 19
            kind: included
        job:
            reason: Query will only return series where these labels are present.
            fragment:
                start: 0
                end: 14
            kind: guaranteed
      operation: many-to-one
      isdeadreason: ""
      returns: vector
      joins:
        - selector:
            name: bar
            originaloffset: 0s
            originaloffsetexpr: null
            offset: 0s
            timestamp: null
            skiphistogrambuckets: false
            startorend: 0
            labelmatchers:
                - type: 0
                  name: __name__
                  value: bar
            unexpandedseriesset: null
            series: []
            bypassemptymatchercheck: false
            posrange:
                start: 46
                end: 49
          labels: {}
          operation: ""
          isdeadreason: ""
          returns: vector
          joins: []
          unless: []
          position:
            start: 46
            end: 49
          isdeadposition:
            start: 0
            end: 0
          returnednumber: 0
          type: 3
          fixedlabels: false
          isdead: false
          alwaysreturns: false
          knownreturn: false
          isconditional: false
          isreturnbool: false
      unless: []
      position:
        start: 0
        end: 14
      isdeadposition:
        start: 0
        end: 0
      returnednumber: 0
      type: 3
      fixedlabels: false
      isdead: false
      alwaysreturns: false
      knownreturn: false
      isconditional: false
      isreturnbool: false

---
