
[TestLabelsSource/71 - 1]
expr: count(up{job="a"} / on () up{job="b"})
output:
    - labels:
        "":
            reason: Query is using aggregation that removes all labels.
            fragment:
                start: 0
                end: 38
            kind: excluded
        __name__:
            reason: Aggregation removes metric name.
            fragment:
                start: 0
                end: 38
            kind: excluded
        job:
            reason: Query is using one-to-one vector matching with `on()`, only labels included inside `on(...)` will be present on the results.
            fragment:
                start: 20
                end: 23
            kind: excluded
      operation: count
      isdeadreason: ""
      returns: vector
      joins:
        - labels:
            job:
                reason: Query will only return series where these labels are present.
                fragment:
                    start: 26
                    end: 37
                kind: guaranteed
          operation: ""
          isdeadreason: ""
          returns: vector
          joins: []
          unless: []
          position:
            start: 26
            end: 37
          isdeadposition:
            start: 0
            end: 0
          returnednumber: 0
          type: 3
          fixedlabels: false
          isdead: false
          alwaysreturns: false
          knownreturn: false
          isconditional: false
          isreturnbool: false
      unless: []
      position:
        start: 6
        end: 17
      isdeadposition:
        start: 0
        end: 0
      returnednumber: 0
      type: 5
      fixedlabels: true
      isdead: false
      alwaysreturns: false
      knownreturn: false
      isconditional: false
      isreturnbool: false

---
