
[TestLabelsSource/86 - 1]
expr: year()
output:
    - labels:
        "":
            reason: Calling `year()` with no arguments will return an empty time series with no labels.
            fragment:
                start: 0
                end: 6
            kind: excluded
      operation: year
      isdeadreason: ""
      returns: vector
      joins: []
      unless: []
      position:
        start: 0
        end: 6
      isdeadposition:
        start: 0
        end: 0
      returnednumber: 0
      type: 4
      fixedlabels: true
      isdead: false
      alwaysreturns: true
      knownreturn: false
      isconditional: false
      isreturnbool: false

---
