
[TestLabelsSource/90 - 1]
expr: container_file_descriptors / on (instance, app_name) container_ulimits_soft{ulimit="max_open_files"}
output:
    - selector:
        name: container_file_descriptors
        originaloffset: 0s
        originaloffsetexpr: null
        offset: 0s
        timestamp: null
        skiphistogrambuckets: false
        startorend: 0
        labelmatchers:
            - type: 0
              name: __name__
              value: container_file_descriptors
        unexpandedseriesset: null
        series: []
        bypassemptymatchercheck: false
        posrange:
            start: 0
            end: 26
      call: null
      aggregation: null
      excludereason:
        "":
            reason: Query is using one-to-one vector matching with `on(instance, app_name)`, only labels included inside `on(...)` will be present on the results.
            fragment:
                start: 29
                end: 32
      operation: one-to-one
      isdeadreason: ""
      returns: vector
      joins:
        - selector:
            name: container_ulimits_soft
            originaloffset: 0s
            originaloffsetexpr: null
            offset: 0s
            timestamp: null
            skiphistogrambuckets: false
            startorend: 0
            labelmatchers:
                - type: 0
                  name: ulimit
                  value: max_open_files
                - type: 0
                  name: __name__
                  value: container_ulimits_soft
            unexpandedseriesset: null
            series: []
            bypassemptymatchercheck: false
            posrange:
                start: 53
                end: 100
          call: null
          aggregation: null
          excludereason: {}
          operation: ""
          isdeadreason: ""
          returns: vector
          joins: []
          unless: []
          includedlabels: []
          excludedlabels: []
          guaranteedlabels:
            - ulimit
          position:
            start: 53
            end: 100
          isdeadposition:
            start: 0
            end: 0
          returnednumber: 0
          type: 3
          fixedlabels: false
          isdead: false
          alwaysreturns: false
          knownreturn: false
          isconditional: false
          isreturnbool: false
      unless: []
      includedlabels:
        - instance
        - app_name
      excludedlabels: []
      guaranteedlabels: []
      position:
        start: 0
        end: 26
      isdeadposition:
        start: 0
        end: 0
      returnednumber: 0
      type: 3
      fixedlabels: true
      isdead: false
      alwaysreturns: false
      knownreturn: false
      isconditional: false
      isreturnbool: false

---
