
[TestLabelsSource/115 - 1]
expr: vector(1) or foo
output:
    - selector: null
      labels:
        "":
            reason: Calling `vector()` will return a vector value with no labels.
            fragment:
                start: 0
                end: 6
            kind: excluded
      operation: vector
      isdeadreason: ""
      returns: vector
      joins: []
      unless: []
      position:
        start: 0
        end: 9
      isdeadposition:
        start: 0
        end: 0
      returnednumber: 1
      type: 4
      fixedlabels: true
      isdead: false
      alwaysreturns: true
      knownreturn: true
      isconditional: false
      isreturnbool: false
    - selector:
        name: foo
        originaloffset: 0s
        originaloffsetexpr: null
        offset: 0s
        timestamp: null
        skiphistogrambuckets: false
        startorend: 0
        labelmatchers:
            - type: 0
              name: __name__
              value: foo
        unexpandedseriesset: null
        series: []
        bypassemptymatchercheck: false
        posrange:
            start: 13
            end: 16
      labels: {}
      operation: many-to-many
      isdeadreason: the left hand side always returs something and so the right hand side is never used
      returns: vector
      joins: []
      unless: []
      position:
        start: 13
        end: 16
      isdeadposition:
        start: 13
        end: 16
      returnednumber: 0
      type: 3
      fixedlabels: false
      isdead: true
      alwaysreturns: false
      knownreturn: false
      isconditional: false
      isreturnbool: false

---
