
[TestLabelsSource/121 - 1]
expr: (sum(foo or vector(2)) > 0) != 2
output:
    - labels:
        "":
            reason: Query is using aggregation that removes all labels.
            fragment:
                start: 1
                end: 4
            kind: excluded
        __name__:
            reason: Aggregation removes metric name.
            fragment:
                start: 1
                end: 22
            kind: excluded
      operation: sum
      isdeadreason: ""
      returns: vector
      joins: []
      unless: []
      position:
        start: 5
        end: 8
      isdeadposition:
        start: 0
        end: 0
      returnednumber: 0
      type: 5
      fixedlabels: true
      isdead: false
      alwaysreturns: false
      knownreturn: false
      isconditional: true
      isreturnbool: false
    - labels:
        "":
            reason: Query is using aggregation that removes all labels.
            fragment:
                start: 1
                end: 4
            kind: excluded
        __name__:
            reason: Aggregation removes metric name.
            fragment:
                start: 1
                end: 22
            kind: excluded
      operation: sum
      isdeadreason: this query always evaluates to `2 != 2` which is not possible, so it will never return anything
      returns: vector
      joins: []
      unless: []
      position:
        start: 12
        end: 21
      isdeadposition:
        start: 12
        end: 21
      returnednumber: 2
      type: 5
      fixedlabels: true
      isdead: true
      alwaysreturns: true
      knownreturn: true
      isconditional: true
      isreturnbool: false

---
