
[TestLabelsSource/124 - 1]
expr: foo offset 5m > 5
output:
    - labels: {}
      operation: ""
      isdeadreason: ""
      returns: vector
      joins: []
      unless: []
      position:
        start: 0
        end: 13
      isdeadposition:
        start: 0
        end: 0
      returnednumber: 0
      type: 3
      fixedlabels: false
      isdead: false
      alwaysreturns: false
      knownreturn: false
      isconditional: true
      isreturnbool: false

---
