
[TestLabelsSource/144 - 1]
expr: sum(foo{a="1"}) by(job) * on() bar{b="2"}
output:
    - selector:
        name: foo
        originaloffset: 0s
        originaloffsetexpr: null
        offset: 0s
        timestamp: null
        skiphistogrambuckets: false
        startorend: 0
        labelmatchers:
            - type: 0
              name: a
              value: "1"
            - type: 0
              name: __name__
              value: foo
        unexpandedseriesset: null
        series: []
        bypassemptymatchercheck: false
        posrange:
            start: 4
            end: 14
      labels:
        "":
            reason: Query is using one-to-one vector matching with `on()`, only labels included inside `on(...)` will be present on the results.
            fragment:
                start: 26
                end: 28
            kind: excluded
        __name__:
            reason: Aggregation removes metric name.
            fragment:
                start: 0
                end: 23
            kind: excluded
        a:
            reason: Query is using aggregation with `by(job)`, only labels included inside `by(...)` will be present on the results.
            fragment:
                start: 16
                end: 18
            kind: excluded
        job:
            reason: Query is using one-to-one vector matching with `on()`, only labels included inside `on(...)` will be present on the results.
            fragment:
                start: 26
                end: 28
            kind: excluded
      operation: sum
      isdeadreason: ""
      returns: vector
      joins:
        - selector:
            name: bar
            originaloffset: 0s
            originaloffsetexpr: null
            offset: 0s
            timestamp: null
            skiphistogrambuckets: false
            startorend: 0
            labelmatchers:
                - type: 0
                  name: b
                  value: "2"
                - type: 0
                  name: __name__
                  value: bar
            unexpandedseriesset: null
            series: []
            bypassemptymatchercheck: false
            posrange:
                start: 31
                end: 41
          labels:
            b:
                reason: Query will only return series where these labels are present.
                fragment:
                    start: 31
                    end: 41
                kind: guaranteed
          operation: ""
          isdeadreason: ""
          returns: vector
          joins: []
          unless: []
          position:
            start: 31
            end: 41
          isdeadposition:
            start: 0
            end: 0
          returnednumber: 0
          type: 3
          fixedlabels: false
          isdead: false
          alwaysreturns: false
          knownreturn: false
          isconditional: false
          isreturnbool: false
      unless: []
      position:
        start: 4
        end: 14
      isdeadposition:
        start: 0
        end: 0
      returnednumber: 0
      type: 5
      fixedlabels: true
      isdead: false
      alwaysreturns: false
      knownreturn: false
      isconditional: false
      isreturnbool: false

---
