
[TestLabelsSource/149 - 1]
expr: 1 - (foo or vector(0)) < 0.999
output:
    - selector:
        name: foo
        originaloffset: 0s
        originaloffsetexpr: null
        offset: 0s
        timestamp: null
        skiphistogrambuckets: false
        startorend: 0
        labelmatchers:
            - type: 0
              name: __name__
              value: foo
        unexpandedseriesset: null
        series: []
        bypassemptymatchercheck: false
        posrange:
            start: 5
            end: 8
      labels: {}
      operation: many-to-many
      isdeadreason: ""
      returns: vector
      joins: []
      unless: []
      position:
        start: 5
        end: 8
      isdeadposition:
        start: 0
        end: 0
      returnednumber: 0
      type: 3
      fixedlabels: false
      isdead: false
      alwaysreturns: false
      knownreturn: false
      isconditional: true
      isreturnbool: false
    - selector: null
      labels:
        "":
            reason: Calling `vector()` will return a vector value with no labels.
            fragment:
                start: 12
                end: 18
            kind: excluded
      operation: vector
      isdeadreason: this query always evaluates to `1 < 0.999` which is not possible, so it will never return anything
      returns: vector
      joins: []
      unless: []
      position:
        start: 12
        end: 21
      isdeadposition:
        start: 12
        end: 21
      returnednumber: 1
      type: 4
      fixedlabels: true
      isdead: true
      alwaysreturns: true
      knownreturn: true
      isconditional: true
      isreturnbool: false

---
