
[TestLabelsSource/150 - 1]
expr: |4
    (
      vector(1) and month() == 2
    ) or vector(0)
output:
    - selector: null
      call:
        func:
            name: vector
            argtypes:
                - scalar
            variadic: 0
            returntype: vector
            experimental: false
        args:
            - val: 1
              duration: false
              posrange:
                start: 12
                end: 13
        posrange:
            start: 5
            end: 14
      aggregation: null
      excludereason:
        "":
            reason: Calling `vector()` will return a vector value with no labels.
            fragment:
                start: 5
                end: 11
      operation: vector
      isdeadreason: ""
      returns: vector
      joins:
        - selector: null
          call:
            func:
                name: month
                argtypes:
                    - vector
                variadic: 1
                returntype: vector
                experimental: false
            args: []
            posrange:
                start: 19
                end: 26
          aggregation: null
          excludereason:
            "":
                reason: Calling `month()` with no arguments will return an empty time series with no labels.
                fragment:
                    start: 19
                    end: 26
          operation: month
          isdeadreason: ""
          returns: vector
          joins: []
          unless: []
          includedlabels: []
          excludedlabels: []
          guaranteedlabels: []
          position:
            start: 19
            end: 26
          isdeadposition:
            start: 0
            end: 0
          returnednumber: 0
          type: 4
          fixedlabels: true
          isdead: false
          alwaysreturns: true
          knownreturn: false
          isconditional: true
          isreturnbool: false
      unless: []
      includedlabels: []
      excludedlabels: []
      guaranteedlabels: []
      position:
        start: 5
        end: 14
      isdeadposition:
        start: 0
        end: 0
      returnednumber: 1
      type: 4
      fixedlabels: true
      isdead: false
      alwaysreturns: true
      knownreturn: true
      isconditional: true
      isreturnbool: false
    - selector: null
      call:
        func:
            name: vector
            argtypes:
                - scalar
            variadic: 0
            returntype: vector
            experimental: false
        args:
            - val: 0
              duration: false
              posrange:
                start: 44
                end: 45
        posrange:
            start: 37
            end: 46
      aggregation: null
      excludereason:
        "":
            reason: Calling `vector()` will return a vector value with no labels.
            fragment:
                start: 37
                end: 43
      operation: vector
      isdeadreason: ""
      returns: vector
      joins: []
      unless: []
      includedlabels: []
      excludedlabels: []
      guaranteedlabels: []
      position:
        start: 37
        end: 46
      isdeadposition:
        start: 0
        end: 0
      returnednumber: 0
      type: 4
      fixedlabels: true
      isdead: false
      alwaysreturns: true
      knownreturn: true
      isconditional: false
      isreturnbool: false

---
